{"ts": "2026-05-11T17:39:09.681270+00:00", "level": "INFO", "logger": "system", "message": "game_manager_initialized", "taskName": "Task-1", "event": "game_manager_initialized"}
{"ts": "2026-05-11T17:39:09.681854+00:00", "level": "INFO", "logger": "system", "message": "application_initiallized", "taskName": "Task-1", "event": "application_initiallized"}
{"ts": "2026-05-11T17:39:13.585051+00:00", "level": "INFO", "logger": "system", "message": "create_game_request", "taskName": "Task-8", "event": "create_game_request", "width": 16, "height": 16, "mine_count": 40, "max_players": 4, "mode": "standard"}
{"ts": "2026-05-11T17:39:13.587177+00:00", "level": "INFO", "logger": "system", "message": "game_created_http_response", "taskName": "Task-8", "event": "game_created_http_response", "game_code": "A0YVTEDJSR7FBU6", "width": 16, "height": 16, "mine_count": 40, "max_players": 4, "mode": "standard"}
{"ts": "2026-05-11T17:39:13.629340+00:00", "level": "INFO", "logger": "system", "message": "websocket_connect_attempt", "taskName": "Task-11", "event": "websocket_connect_attempt", "game_code": "A0YVTEDJSR7FBU6", "player_name": "Player"}
{"ts": "2026-05-11T17:39:13.631285+00:00", "level": "INFO", "logger": "system", "message": "websocket_accepted", "taskName": "Task-11", "event": "websocket_accepted", "game_code": "A0YVTEDJSR7FBU6", "player_id": "135f3d2c-44ec-46d2-9c44-2549a9937eef", "player_name": "Player"}
{"ts": "2026-05-11T17:39:14.222268+00:00", "level": "INFO", "logger": "system", "message": "websocket_disconnected", "taskName": "Task-11", "event": "websocket_disconnected", "game_code": "A0YVTEDJSR7FBU6", "player_id": "135f3d2c-44ec-46d2-9c44-2549a9937eef", "player_name": "Player"}
{"ts": "2026-05-11T17:56:06.284683+00:00", "level": "INFO", "logger": "system", "message": "create_game_request", "taskName": "Task-18", "event": "create_game_request", "width": 16, "height": 16, "mine_count": 40, "max_players": 4, "mode": "standard"}
{"ts": "2026-05-11T17:56:06.290510+00:00", "level": "INFO", "logger": "system", "message": "game_created_http_response", "taskName": "Task-18", "event": "game_created_http_response", "game_code": "DRMN99HQ7WTC0ON", "width": 16, "height": 16, "mine_count": 40, "max_players": 4, "mode": "standard"}
{"ts": "2026-05-11T17:56:06.323718+00:00", "level": "INFO", "logger": "system", "message": "websocket_connect_attempt", "taskName": "Task-21", "event": "websocket_connect_attempt", "game_code": "DRMN99HQ7WTC0ON", "player_name": "Player"}
{"ts": "2026-05-11T17:56:06.326875+00:00", "level": "INFO", "logger": "system", "message": "websocket_accepted", "taskName": "Task-21", "event": "websocket_accepted", "game_code": "DRMN99HQ7WTC0ON", "player_id": "8f9ddc3e-2312-49d0-bb1d-fa321a372b5e", "player_name": "Player"}
{"ts": "2026-05-11T17:58:40.159131+00:00", "level": "INFO", "logger": "system", "message": "websocket_disconnected", "taskName": "Task-21", "event": "websocket_disconnected", "game_code": "DRMN99HQ7WTC0ON", "player_id": "8f9ddc3e-2312-49d0-bb1d-fa321a372b5e", "player_name": "Player"}
{"ts": "2026-05-11T17:59:00.053852+00:00", "level": "INFO", "logger": "system", "message": "create_game_request", "taskName": "Task-28", "event": "create_game_request", "width": 16, "height": 16, "mine_count": 40, "max_players": 4, "mode": "standard"}
{"ts": "2026-05-11T17:59:00.056544+00:00", "level": "INFO", "logger": "system", "message": "game_created_http_response", "taskName": "Task-28", "event": "game_created_http_response", "game_code": "3A46B082GDPTTQJ", "width": 16, "height": 16, "mine_count": 40, "max_players": 4, "mode": "standard"}
{"ts": "2026-05-11T17:59:00.092598+00:00", "level": "INFO", "logger": "system", "message": "websocket_connect_attempt", "taskName": "Task-31", "event": "websocket_connect_attempt", "game_code": "3A46B082GDPTTQJ", "player_name": "Player"}
{"ts": "2026-05-11T17:59:00.094624+00:00", "level": "INFO", "logger": "system", "message": "websocket_accepted", "taskName": "Task-31", "event": "websocket_accepted", "game_code": "3A46B082GDPTTQJ", "player_id": "f4bd4a11-8c3c-4b1d-9840-5864bc9c3bc6", "player_name": "Player"}
{"ts": "2026-05-11T17:59:36.313217+00:00", "level": "INFO", "logger": "system", "message": "websocket_disconnected", "taskName": "Task-31", "event": "websocket_disconnected", "game_code": "3A46B082GDPTTQJ", "player_id": "f4bd4a11-8c3c-4b1d-9840-5864bc9c3bc6", "player_name": "Player"}
{"ts": "2026-05-11T18:12:45.487503+00:00", "level": "INFO", "logger": "system", "message": "create_game_request", "taskName": "Task-38", "event": "create_game_request", "width": 16, "height": 16, "mine_count": 40, "max_players": 4, "mode": "standard"}
{"ts": "2026-05-11T18:12:45.493076+00:00", "level": "INFO", "logger": "system", "message": "game_created_http_response", "taskName": "Task-38", "event": "game_created_http_response", "game_code": "Q56GSFNQJIJPF5Z", "width": 16, "height": 16, "mine_count": 40, "max_players": 4, "mode": "standard"}
{"ts": "2026-05-11T18:12:45.527165+00:00", "level": "INFO", "logger": "system", "message": "websocket_connect_attempt", "taskName": "Task-41", "event": "websocket_connect_attempt", "game_code": "Q56GSFNQJIJPF5Z", "player_name": "Player"}
{"ts": "2026-05-11T18:12:45.529362+00:00", "level": "INFO", "logger": "system", "message": "websocket_accepted", "taskName": "Task-41", "event": "websocket_accepted", "game_code": "Q56GSFNQJIJPF5Z", "player_id": "7abd8437-986e-4243-9f83-a1db577ddc1a", "player_name": "Player"}
{"ts": "2026-05-11T18:12:52.475805+00:00", "level": "INFO", "logger": "system", "message": "websocket_disconnected", "taskName": "Task-41", "event": "websocket_disconnected", "game_code": "Q56GSFNQJIJPF5Z", "player_id": "7abd8437-986e-4243-9f83-a1db577ddc1a", "player_name": "Player"}
{"ts": "2026-05-11T18:14:01.270497+00:00", "level": "INFO", "logger": "system", "message": "create_game_request", "taskName": "Task-48", "event": "create_game_request", "width": 16, "height": 16, "mine_count": 40, "max_players": 4, "mode": "minmax"}
{"ts": "2026-05-11T18:14:01.274085+00:00", "level": "INFO", "logger": "system", "message": "game_created_http_response", "taskName": "Task-48", "event": "game_created_http_response", "game_code": "WPHQBXLD76CBPRE", "width": 16, "height": 16, "mine_count": 40, "max_players": 4, "mode": "minmax"}
{"ts": "2026-05-11T18:14:01.307983+00:00", "level": "INFO", "logger": "system", "message": "websocket_connect_attempt", "taskName": "Task-51", "event": "websocket_connect_attempt", "game_code": "WPHQBXLD76CBPRE", "player_name": "Player"}
{"ts": "2026-05-11T18:14:01.309634+00:00", "level": "INFO", "logger": "system", "message": "websocket_accepted", "taskName": "Task-51", "event": "websocket_accepted", "game_code": "WPHQBXLD76CBPRE", "player_id": "63a64143-ea4a-4b30-84f4-a689181a2520", "player_name": "Player"}
{"ts": "2026-05-11T18:16:18.996870+00:00", "level": "INFO", "logger": "system", "message": "websocket_disconnected", "taskName": "Task-51", "event": "websocket_disconnected", "game_code": "WPHQBXLD76CBPRE", "player_id": "63a64143-ea4a-4b30-84f4-a689181a2520", "player_name": "Player"}
